2026-08-25 17:07:59.146: [INFO] CurrentProfilePath: C:\Users\mohan\Java Practice\.metadata\.plugins\org.eclipse.swt\EBWebView\Default
2026-08-25 17:07:59.146: [INFO] Profiles total count: 1
2026-08-25 17:07:59.146: [INFO] Profile: name=Profile 1 path=C:\Users\mohan\Java Practice\.metadata\.plugins\org.eclipse.swt\EBWebView\Default lastActive=null
2026-08-25 17:07:59.146: [INFO] LastUsedProfileDir: C:\Users\mohan\Java Practice\.metadata\.plugins\org.eclipse.swt\EBWebView\Default
2026-08-25 17:07:59.146: [INFO] OnDoneLoading sync enabled: 0
2026-08-25 17:07:59.146: [INFO] BookmarkModelLoaded, ids_reassigned: 0
2026-08-25 17:07:59.146: [INFO] BookmarksLoadDropped droppedNodes=0
2026-08-25 17:07:59.146: [INFO] BookmarksSnapshot Startup total=0 bar=0 other=0 mobile=0 showBar=0 showBarNTP=1
2026-08-25 17:08:14.605: [INFO] BookmarksSnapshot Shutdown total=0 bar=0 other=0 mobile=0 showBar=0 showBarNTP=1
2026-09-03 07:00:53.390: [INFO] CurrentProfilePath: C:\Users\mohan\Java Practice\.metadata\.plugins\org.eclipse.swt\EBWebView\Default
2026-09-03 07:00:53.390: [INFO] Profiles total count: 1
2026-09-03 07:00:53.390: [INFO] Profile: name=Profile 1 path=C:\Users\mohan\Java Practice\.metadata\.plugins\org.eclipse.swt\EBWebView\Default lastActive=2026-08-29T17:02:56.700Z
2026-09-03 07:00:53.390: [INFO] LastUsedProfileDir: C:\Users\mohan\Java Practice\.metadata\.plugins\org.eclipse.swt\EBWebView\Default
2026-09-03 07:00:53.390: [INFO] MostRecentlyActiveProfile: name=Profile 1 path=C:\Users\mohan\Java Practice\.metadata\.plugins\org.eclipse.swt\EBWebView\Default lastActive=2026-08-29T17:02:56.700Z
2026-09-03 07:00:53.390: [INFO] OnDoneLoading sync enabled: 0
2026-09-03 07:00:53.390: [INFO] BookmarkModelLoaded, ids_reassigned: 0
2026-09-03 07:00:53.390: [INFO] BookmarksLoadDropped droppedNodes=0
2026-09-03 07:00:53.390: [INFO] BookmarksSnapshot Startup total=0 bar=0 other=0 mobile=0 showBar=0 showBarNTP=1
2026-09-03 07:15:36.542: [INFO] BookmarksSnapshot Shutdown total=0 bar=0 other=0 mobile=0 showBar=0 showBarNTP=1
2026-09-04 07:00:45.727: [INFO] CurrentProfilePath: C:\Users\mohan\Java Practice\.metadata\.plugins\org.eclipse.swt\EBWebView\Default
2026-09-04 07:00:45.727: [INFO] Profiles total count: 1
2026-09-04 07:00:45.727: [INFO] Profile: name=Profile 1 path=C:\Users\mohan\Java Practice\.metadata\.plugins\org.eclipse.swt\EBWebView\Default lastActive=2026-08-29T17:02:56.700Z
2026-09-04 07:00:45.727: [INFO] LastUsedProfileDir: C:\Users\mohan\Java Practice\.metadata\.plugins\org.eclipse.swt\EBWebView\Default
2026-09-04 07:00:45.728: [INFO] MostRecentlyActiveProfile: name=Profile 1 path=C:\Users\mohan\Java Practice\.metadata\.plugins\org.eclipse.swt\EBWebView\Default lastActive=2026-08-29T17:02:56.700Z
2026-09-04 07:00:45.728: [INFO] OnDoneLoading sync enabled: 0
2026-09-04 07:00:45.728: [INFO] BookmarkModelLoaded, ids_reassigned: 0
2026-09-04 07:00:45.728: [INFO] BookmarksLoadDropped droppedNodes=0
2026-09-04 07:00:45.728: [INFO] BookmarksSnapshot Startup total=0 bar=0 other=0 mobile=0 showBar=0 showBarNTP=1
2026-09-04 07:01:57.250: [INFO] BookmarksSnapshot Shutdown total=0 bar=0 other=0 mobile=0 showBar=0 showBarNTP=1
2026-09-04 07:02:30.527: [INFO] CurrentProfilePath: C:\Users\mohan\Java Practice\.metadata\.plugins\org.eclipse.swt\EBWebView\Default
2026-09-04 07:02:30.527: [INFO] Profiles total count: 1
2026-09-04 07:02:30.527: [INFO] Profile: name=Profile 1 path=C:\Users\mohan\Java Practice\.metadata\.plugins\org.eclipse.swt\EBWebView\Default lastActive=2026-08-29T17:02:56.700Z
2026-09-04 07:02:30.527: [INFO] LastUsedProfileDir: C:\Users\mohan\Java Practice\.metadata\.plugins\org.eclipse.swt\EBWebView\Default
2026-09-04 07:02:30.527: [INFO] MostRecentlyActiveProfile: name=Profile 1 path=C:\Users\mohan\Java Practice\.metadata\.plugins\org.eclipse.swt\EBWebView\Default lastActive=2026-08-29T17:02:56.700Z
2026-09-04 07:02:30.527: [INFO] OnDoneLoading sync enabled: 0
2026-09-04 07:02:30.527: [INFO] BookmarkModelLoaded, ids_reassigned: 0
2026-09-04 07:02:30.527: [INFO] BookmarksLoadDropped droppedNodes=0
2026-09-04 07:02:30.527: [INFO] BookmarksSnapshot Startup total=0 bar=0 other=0 mobile=0 showBar=0 showBarNTP=1
2026-09-04 07:02:41.495: [INFO] BookmarksSnapshot Shutdown total=0 bar=0 other=0 mobile=0 showBar=0 showBarNTP=1
